nohup: ignoring input
当前运行设备: cuda
样本数量: 训练集 31153 | 验证集 7911

Epoch 1/50
--------------------
/home/duomeitinrfx/.conda/envs/plate/lib/python3.8/site-packages/torchvision/models/_utils.py:208: UserWarning: The parameter 'pretrained' is deprecated since 0.13 and may be removed in the future, please use 'weights' instead.
  warnings.warn(
/home/duomeitinrfx/.conda/envs/plate/lib/python3.8/site-packages/torchvision/models/_utils.py:223: UserWarning: Arguments other than a weight enum or `None` for 'weights' are deprecated since 0.13 and may be removed in the future. The current behavior is equivalent to passing `weights=ResNet18_Weights.IMAGENET1K_V1`. You can also use `weights=ResNet18_Weights.DEFAULT` to get the most up-to-date weights.
  warnings.warn(msg)
train_ordinal.py:63: FutureWarning: Call to deprecated class TriangularCrossEntropyLoss. (Use TriangularLoss instead with CrossEntropyLoss as base_loss. Will be removed in 3.0.0.) -- Deprecated since version 2.4.0.
  criterion = TriangularCrossEntropyLoss(num_classes=NUM_CLASSES).to(DEVICE)
train Loss: 0.5225 | Acc: 0.9025 | MAE: 0.1573
val Loss: 1.7980 | Acc: 0.5692 | MAE: 0.8099
 -> 发现更优模型 (MAE: 0.8099) 已保存

Epoch 2/50
--------------------
train Loss: 0.3400 | Acc: 0.9945 | MAE: 0.0086
val Loss: 1.3986 | Acc: 0.6114 | MAE: 0.7133
 -> 发现更优模型 (MAE: 0.7133) 已保存

Epoch 3/50
--------------------
train Loss: 0.3232 | Acc: 0.9992 | MAE: 0.0017
val Loss: 1.5091 | Acc: 0.5604 | MAE: 0.7864

Epoch 4/50
--------------------
train Loss: 0.3430 | Acc: 0.9920 | MAE: 0.0141
val Loss: 1.7674 | Acc: 0.6093 | MAE: 0.8403

Epoch 5/50
--------------------
train Loss: 0.3243 | Acc: 0.9982 | MAE: 0.0025
val Loss: 1.6347 | Acc: 0.5625 | MAE: 0.8351

Epoch 6/50
--------------------
train Loss: 0.3173 | Acc: 1.0000 | MAE: 0.0000
val Loss: 1.6344 | Acc: 0.5865 | MAE: 0.7602

Epoch 7/50
--------------------
train Loss: 0.3165 | Acc: 1.0000 | MAE: 0.0000
val Loss: 1.5984 | Acc: 0.5966 | MAE: 0.7750

Epoch 8/50
--------------------
train Loss: 0.3157 | Acc: 1.0000 | MAE: 0.0000
val Loss: 1.6003 | Acc: 0.6012 | MAE: 0.7642

Epoch 9/50
--------------------
train Loss: 0.3157 | Acc: 1.0000 | MAE: 0.0000
val Loss: 1.5960 | Acc: 0.6004 | MAE: 0.7671

Epoch 10/50
--------------------
train Loss: 0.3157 | Acc: 1.0000 | MAE: 0.0000
val Loss: 1.5985 | Acc: 0.5976 | MAE: 0.7726

Epoch 11/50
--------------------
train Loss: 0.3157 | Acc: 1.0000 | MAE: 0.0000
val Loss: 1.5994 | Acc: 0.5980 | MAE: 0.7707

Epoch 12/50
--------------------
train Loss: 0.3157 | Acc: 1.0000 | MAE: 0.0000
val Loss: 1.6224 | Acc: 0.5988 | MAE: 0.7594

Epoch 13/50
--------------------
